// Jest Snapshot v1, https://goo.gl/fbAQLP

exports[`timestamp.macro 1. timestamp.macro: 1. timestamp.macro 1`] = `
"
import timestamp from './timestamp.macro'
let value = timestamp('2018-10-01')

      ↓ ↓ ↓ ↓ ↓ ↓

let value = timestamp('2018-10-01');
"
`;
